// Jest Snapshot v1, https://goo.gl/fbAQLP

exports[`Villager component renders Villager 1`] = `
<DocumentFragment>
  <figure>
    <img
      alt="Agnes"
      src="https://vignette.wikia.nocookie.net/animalcrossing/images/4/42/Agnes_NH.png/revision/latest?cb=20200804230432"
    />
    <figcaption>
      Agnes
      <p>
        Quote:ou reap what you sow.
      </p>
      <p>
        Skill:Cramming for tests
      </p>
    </figcaption>
  </figure>
</DocumentFragment>
`;
